
> personal-finance@0.0.0 build
> vite build

[36mvite v8.0.3 [32mbuilding client environment for production...[36m[39m
[2K
transforming...Ô£ô 1337 modules transformed.
rendering chunks...
computing gzip size...
dist/index.html                   0.94 kB Ôöé gzip:   0.51 kB
dist/assets/index-Bcjb90bf.css   32.70 kB Ôöé gzip:   6.50 kB
dist/assets/index-Bs-kL7fN.js   915.19 kB Ôöé gzip: 277.98 kB

[32mÔ£ô built in 1.11s[39m
node.exe : [33m[plugin 
builtin:vite-reporter] 
At line:1 char:1
+ & "C:\Program 
Files\nodejs/node.exe" 
"C:\Program 
Files\nodejs/node_mo ...
+ ~~~~~~~~~~~~~~~~~~~~~~
~~~~~~~~~~~~~~~~~~~~~~~~
~~~~~~~~~~~~~~~~~~~~~~~
    + CategoryInfo      
        : NotSpecified: 
([3    3m[plugin 
builtin:vite    
-reporter] :String) []  
  , RemoteException
    + 
FullyQualifiedErrorI    
d : NativeCommandError
 
(!) Some chunks are 
larger than 500 kB 
after minification. 
Consider:
- Using dynamic 
import() to code-split 
the application
- Use build.rolldownOpti
ons.output.codeSplitting
 to improve chunking: ht
tps://rolldown.rs/refere
nce/OutputOptions.codeSp
litting
- Adjust chunk size 
limit for this warning 
via build.chunkSizeWarni
ngLimit.[39m
